// Jest Snapshot v1, https://goo.gl/fbAQLP

exports[`header component 1`] = `
<DocumentFragment>
  <div
    class="css-ly7cin-Header"
  >
    <span
      aria-label="Title of header for this page"
      class="css-1f27ziu-Header"
    >
      Titulo nuevo
    </span>
    <div
      class="css-1jw2xof-Header"
    >
      <div
        class="css-g39h9j-Header"
      >
        <svg
          fill="currentColor"
          height="1em"
          stroke="currentColor"
          stroke-width="0"
          viewBox="0 0 448 512"
          width="1em"
          xmlns="http://www.w3.org/2000/svg"
        >
          <path
            d="M224 256c70.7 0 128-57.3 128-128S294.7 0 224 0 96 57.3 96 128s57.3 128 128 128zm89.6 32h-16.7c-22.2 10.2-46.9 16-72.9 16s-50.6-5.8-72.9-16h-16.7C60.2 288 0 348.2 0 422.4V464c0 26.5 21.5 48 48 48h352c26.5 0 48-21.5 48-48v-41.6c0-74.2-60.2-134.4-134.4-134.4z"
          />
        </svg>
        <span
          aria-label="Username"
          class="css-16xfdcu-Header"
        >
          User Test
        </span>
      </div>
      <div
        aria-label="log out session"
        class="css-1c4fmxo-LogOut"
        role="button"
      >
        <svg
          fill="currentColor"
          height="1em"
          stroke="currentColor"
          stroke-width="0"
          viewBox="0 0 512 512"
          width="1em"
          xmlns="http://www.w3.org/2000/svg"
        >
          <path
            d="M497 273L329 441c-15 15-41 4.5-41-17v-96H152c-13.3 0-24-10.7-24-24v-96c0-13.3 10.7-24 24-24h136V88c0-21.4 25.9-32 41-17l168 168c9.3 9.4 9.3 24.6 0 34zM192 436v-40c0-6.6-5.4-12-12-12H96c-17.7 0-32-14.3-32-32V160c0-17.7 14.3-32 32-32h84c6.6 0 12-5.4 12-12V76c0-6.6-5.4-12-12-12H96c-53 0-96 43-96 96v192c0 53 43 96 96 96h84c6.6 0 12-5.4 12-12z"
          />
        </svg>
      </div>
    </div>
  </div>
</DocumentFragment>
`;
